450
672
731
1305
1326
1379
1537
1607
1794
1874
1897
1898
1918
1968
2023
2028
2053
2261
2263
2268
2345
2551
2906
2955